../Core/Src/main.c:200:6:SystemClock_Config	104	static,ignoring_inline_asm
../Core/Src/main.c:250:6:PeriphCommonClock_Config	152	static,ignoring_inline_asm
../Core/Src/main.c:270:6:HAL_SAI_RxHalfCpltCallback	4	static
../Core/Src/main.c:279:6:HAL_SAI_RxCpltCallback	4	static
../Core/Src/main.c:288:6:HAL_ADC_ConvCpltCallback	0	static
../Core/Src/main.c:295:6:ProcessData	72	static
../Core/Src/main.c:136:5:main	8	static
../Core/Src/main.c:409:10:cal_short_avr	12	static
../Core/Src/main.c:425:10:cal_break_avr	0	static
../Core/Src/main.c:441:10:transform_exp	24	static
../Core/Src/main.c:449:10:cal_ema	0	static
../Core/Src/main.c:454:9:cal_slope	0	static
../Core/Src/main.c:461:9:beat_history	0	static
../Core/Src/main.c:489:6:Error_Handler	0	static,ignoring_inline_asm
