../Core/Src/main.c:183:6:SystemClock_Config	104	static,ignoring_inline_asm
../Core/Src/main.c:233:6:PeriphCommonClock_Config	152	static,ignoring_inline_asm
../Core/Src/main.c:253:6:HAL_SAI_RxHalfCpltCallback	4	static
../Core/Src/main.c:262:6:HAL_SAI_RxCpltCallback	4	static
../Core/Src/main.c:271:6:HAL_ADC_ConvCpltCallback	0	static
../Core/Src/main.c:278:6:ProcessData	56	static
../Core/Src/main.c:121:5:main	8	static
../Core/Src/main.c:383:10:cal_short_avr	12	static
../Core/Src/main.c:399:10:transform_exp	24	static
../Core/Src/main.c:407:10:cal_ema	0	static
../Core/Src/main.c:412:9:beat_history	0	static
../Core/Src/main.c:440:6:Error_Handler	0	static,ignoring_inline_asm
